--------------------------------------------------------------------------------
Assembly listing for file ./cr/cr.sasm
--------------------------------------------------------------------------------
 
SrcLin -Addr- Op Oprnd   --- Source line ---
     1                   # ---------------------------------------------------------------------------- #
     2                   # TEST SCEPSIS PROGRAM TO TRY OUT CALL AND RETURN MECHANISMS
     3                   # ---------------------------------------------------------------------------- #
     4                   #
     5 000000            MAIN	EQU
     6                   #
     7 000000 88 0100    		CALL	SUBR1		# ADDRESS TO CALL
     8 000003 FF         		HLT
     9                   #
    10                   #
    11                   #
    12 000004            ENDING	EQU
    13 000004 FF         		HLT				# STOP
    14                   #
    15                   # ---------------------------------------------------------------------------- #
    16                   # TEST SUBROUTINE
    17                   # ---------------------------------------------------------------------------- #
    18                   #
    19 000100    0100    SUBR1	BASE X'100
    20                   #
    21                   # DO SOME STUFF
    22                   #
    23 000100 89         		RET
    24                   #
 
Phase 1 parsing ended successfully
 
Phase 2 parsing ended successfully
 
Phase 3 parsing ended successfully
 
--------------------------------------------------------------------------------
End of assembly for file ./cr/cr.sasm
--------------------------------------------------------------------------------
