--------------------------------------------------------------------------------
Assembly listing for file ./cr/cr.sasm
--------------------------------------------------------------------------------
 
SrcLin -Addr- Op Oprnd   --- Source line ---
     1                   # ---------------------------------------------------------------------------- #
     2                   # TEST SCEPSIS PROGRAM TO TRY OUT CALL AND RETURN MECHANISMS
     3                   # ---------------------------------------------------------------------------- #
     4                   #
     5 000000            MAIN	EQU
     6                   #
     7 000000 20 03E8    		LIA		D'1000
     8 000003 80         		PSHA
     9 000004 20 002A    		LIA		D'42
    10 000007 80         		PSHA
    11                   #
    12 000008 18 0100    		CALL	SUBR1		# ADDRESS TO CALL
    13                   #
    14 00000B 84         		POPA
    15 00000C 30         		OPA
    16                   #
    17 00000D FF         		HLT
    18                   #
    19                   #
    20                   #
    21 00000E            ENDING	EQU
    22 00000E FF         		HLT				# STOP
    23                   #
    24                   # ---------------------------------------------------------------------------- #
    25                   # TEST SUBROUTINE; ADD TWO VALUES
    26                   # ---------------------------------------------------------------------------- #
    27                   #
    28 000100    0100    SUBR1	BASE X'100
    29                   #
    30                   # DO SOME STUFF
    31                   #
    32 000100 84         		POPA
    33 000101 28 010D    		STA		RETADR
    34                   #
    35 000104 84         		POPA
    36 000105 85         		POPB
    37 000106 F0         		ADB
    38 000107 80         		PSHA
    39                   #
    40 000108 50 010D    		LMA		RETADR
    41 00010B 80         		PSHA
    42                   #
    43 00010C 1C         		RET
    44                   #
    45 00010D            RETADR	DS		CL2
    46                   #
 
Phase 1 parsing ended successfully
 
Phase 2 parsing ended successfully
 
Phase 3 parsing ended successfully
 
--------------------------------------------------------------------------------
End of assembly for file ./cr/cr.sasm
--------------------------------------------------------------------------------
